// Jest Snapshot v1, https://goo.gl/fbAQLP

exports[`utils - ocrGetTextPositions  1`] = `
Array [
  Object {
    "dprPosition": Object {
      "bottom": 4,
      "left": 1,
      "right": 3,
      "top": 2,
    },
    "originalPosition": Object {
      "bottom": 352,
      "left": 83,
      "right": 248,
      "top": 326,
    },
    "text": "Username",
  },
  Object {
    "dprPosition": Object {
      "bottom": 4,
      "left": 1,
      "right": 3,
      "top": 2,
    },
    "originalPosition": Object {
      "bottom": 480,
      "left": 83,
      "right": 237,
      "top": 454,
    },
    "text": "Password",
  },
  Object {
    "dprPosition": Object {
      "bottom": 4,
      "left": 1,
      "right": 3,
      "top": 2,
    },
    "originalPosition": Object {
      "bottom": 695,
      "left": 359,
      "right": 467,
      "top": 669,
    },
    "text": "LOGIN",
  },
]
`;
