// Jest Snapshot v1, https://goo.gl/fbAQLP

exports[`utils - ocrKeys should call the performActions with the correct keys 1`] = `
[MockFunction] {
  "calls": Array [
    Array [
      Array [
        Object {
          "actions": Array [
            Object {
              "type": "keyDown",
              "value": "1",
            },
            Object {
              "type": "keyUp",
              "value": "1",
            },
            Object {
              "type": "keyDown",
              "value": "2",
            },
            Object {
              "type": "keyUp",
              "value": "2",
            },
            Object {
              "type": "keyDown",
              "value": "3",
            },
            Object {
              "type": "keyUp",
              "value": "3",
            },
          ],
          "id": "keyboard",
          "type": "key",
        },
      ],
    ],
  ],
  "results": Array [
    Object {
      "type": "return",
      "value": undefined,
    },
  ],
}
`;
